---
layout: post
title: MT7628+MT7612e官方SDK启动log
description: MT7628+MT7612e官方SDK启动log
category: MTK
---

```
## Booting image at bc050000 ...
   Image Name:   OpenWrt Linux-3.10.14
   Image Type:   MIPS Linux Kernel Image (lzma compressed)
   Data Size:    1259388 Bytes =  1.2 MB
   Load Address: 80000000
   Entry Point:  80000000
   Verifying Checksum ... OK
   Uncompressing Kernel Image ... OK
No initrd
## Transferring control to Linux (at address 80000000) ...
## Giving linux memsize in MB, 64

Starting kernel ...


LINUX started...

 THIS IS ASIC

SDK 5.0.S.0
[    0.000000] Linux version 3.10.14 (duke@duke) (gcc version 4.8.3 (OpenWrt/Linaro GCC 4.8-2014.04 unknown) ) #4 Tue Dec 11 14:14:04 AWST 2018
[    0.000000] 
[    0.000000]  The CPU feqenuce set to 575 MHz
[    0.000000] CPU0 revision is: 00019655 (MIPS 24KEc)
[    0.000000] Software DMA cache coherency
[    0.000000] Determined physical RAM map:
[    0.000000]  memory: 04000000 @ 00000000 (usable)
[    0.000000] Initrd not found or empty - disabling initrd
[    0.000000] Zone ranges:
[    0.000000]   Normal   [mem 0x00000000-0x03ffffff]
[    0.000000] Movable zone start for each node
[    0.000000] Early memory node ranges
[    0.000000]   node   0: [mem 0x00000000-0x03ffffff]
[    0.000000] Primary instruction cache 64kB, 4-way, VIPT, linesize 32 bytes.
[    0.000000] Primary data cache 32kB, 4-way, PIPT, no aliases, linesize 32 bytes
[    0.000000] Built 1 zonelists in Zone order, mobility grouping on.  Total pages: 16256
[    0.000000] Kernel command line: console=ttyS1,57600n8 root=/dev/mtdblock5 rootfstype=squashfs,jffs2
[    0.000000] PID hash table entries: 256 (order: -2, 1024 bytes)
[    0.000000] Dentry cache hash table entries: 8192 (order: 3, 32768 bytes)
[    0.000000] Inode-cache hash table entries: 4096 (order: 2, 16384 bytes)
[    0.000000] Writing ErrCtl register=0003281d
[    0.000000] Readback ErrCtl register=0003281d
[    0.000000] Memory: 61084k/65536k available (2738k kernel code, 4404k reserved, 691k data, 216k init, 0k highmem)
[    0.000000] NR_IRQS:128
[    0.000000] console [ttyS1] enabled
[    0.096000] Calibrating delay loop... 382.46 BogoMIPS (lpj=764928)
[    0.128000] pid_max: default: 32768 minimum: 301
[    0.132000] Mount-cache hash table entries: 512
[    0.136000] NET: Registered protocol family 16
[    0.140000] RALINK_GPIOMODE = 54054404 
[    0.144000] RALINK_GPIOMODE = 54044404 
[    0.244000] ***** Xtal 40MHz *****
[    0.248000] start PCIe register access
[    0.748000] RALINK_RSTCTRL = 2400000
[    0.752000] RALINK_CLKCFG1 = fdbfffc0
[    0.756000] 
[    0.756000] *************** MT7628 PCIe RC mode *************
[    1.256000] PCIE0 enabled
[    1.260000] Port 0 N_FTS = 1b105000
[    1.264000] init_rt2880pci done
[    1.292000] bio: create slab <bio-0> at 0
[    1.296000] usbcore: registered new interface driver usbfs
[    1.300000] usbcore: registered new interface driver hub
[    1.304000] usbcore: registered new device driver usb
[    1.308000] PCI host bridge to bus 0000:00
[    1.312000] pci_bus 0000:00: root bus resource [mem 0x20000000-0x2fffffff]
[    1.316000] pci_bus 0000:00: root bus resource [io  0x10160000-0x1016ffff]
[    1.320000] pci_bus 0000:00: No busn resource found for root bus, will use [bus 00-ff]
[    1.324000] pci 0000:00:00.0: bridge configuration invalid ([bus 00-00]), reconfiguring
[    1.328000] pci 0000:00:00.0: BAR 0: can't assign mem (size 0x80000000)
[    1.332000] pci 0000:00:00.0: BAR 8: assigned [mem 0x20000000-0x200fffff]
[    1.336000] pci 0000:00:00.0: BAR 9: assigned [mem 0x20100000-0x201fffff pref]
[    1.340000] pci 0000:00:00.0: BAR 1: assigned [mem 0x20200000-0x2020ffff]
[    1.344000] pci 0000:01:00.0: BAR 0: assigned [mem 0x20000000-0x200fffff 64bit]
[    1.348000] pci 0000:01:00.0: BAR 6: assigned [mem 0x20100000-0x2010ffff pref]
[    1.352000] pci 0000:00:00.0: PCI bridge to [bus 01]
[    1.356000] pci 0000:00:00.0:   bridge window [mem 0x20000000-0x200fffff]
[    1.360000] pci 0000:00:00.0:   bridge window [mem 0x20100000-0x201fffff pref]
[    1.364000] BAR0 at slot 0 = 0
[    1.368000] bus=0x0, slot = 0x0
[    1.372000] res[0]->start = 0
[    1.376000] res[0]->end = 0
[    1.380000] res[1]->start = 20200000
[    1.384000] res[1]->end = 2020ffff
[    1.388000] res[2]->start = 0
[    1.392000] res[2]->end = 0
[    1.396000] res[3]->start = 0
[    1.400000] res[3]->end = 0
[    1.404000] res[4]->start = 0
[    1.408000] res[4]->end = 0
[    1.412000] res[5]->start = 0
[    1.416000] res[5]->end = 0
[    1.420000] bus=0x1, slot = 0x0
[    1.424000] res[0]->start = 20000000
[    1.428000] res[0]->end = 200fffff
[    1.432000] res[1]->start = 0
[    1.436000] res[1]->end = 0
[    1.440000] res[2]->start = 0
[    1.444000] res[2]->end = 0
[    1.448000] res[3]->start = 0
[    1.452000] res[3]->end = 0
[    1.456000] res[4]->start = 0
[    1.460000] res[4]->end = 0
[    1.464000] res[5]->start = 0
[    1.468000] res[5]->end = 0
[    1.472000] Switching to clocksource MIPS
[    1.476000] NET: Registered protocol family 2
[    1.488000] TCP established hash table entries: 512 (order: 0, 4096 bytes)
[    1.500000] TCP bind hash table entries: 512 (order: -1, 2048 bytes)
[    1.512000] TCP: Hash tables configured (established 512 bind 512)
[    1.524000] TCP: reno registered
[    1.532000] UDP hash table entries: 256 (order: 0, 4096 bytes)
[    1.544000] UDP-Lite hash table entries: 256 (order: 0, 4096 bytes)
[    1.556000] NET: Registered protocol family 1
[    1.564000] MTK/Ralink EHCI/OHCI init.
[    1.576000] squashfs: version 4.0 (2009/01/31) Phillip Lougher
[    1.588000] jffs2: version 2.2. (NAND) (SUMMARY)  (LZMA) (RTIME) (CMODE_PRIORITY) (c) 2001-2006 Red Hat, Inc.
[    1.608000] msgmni has been set to 119
[    1.616000] io scheduler noop registered (default)
[    1.636000] Serial: 8250/16550 driver, 2 ports, IRQ sharing disabled
[    1.648000] serial8250: ttyS0 at MMIO 0x10000d00 (irq = 21) is a 16550A
[    1.660000] serial8250: ttyS1 at MMIO 0x10000c00 (irq = 20) is a 16550A
[    1.676000] Ralink gpio driver initialized
[    1.684000] flash manufacture id: ef, device id 40 17
[    1.696000] W25Q64BV(ef 40170000) (8192 Kbytes)
[    1.704000] mtd .name = raspi, .size = 0x00800000 (8M) .erasesize = 0x00010000 (64K) .numeraseregions = 0
[    1.724000] Creating 5 MTD partitions on "raspi":
[    1.732000] 0x000000000000-0x000000800000 : "ALL"
[    1.744000] 0x000000000000-0x000000030000 : "Bootloader"
[    1.756000] 0x000000030000-0x000000040000 : "Config"
[    1.768000] 0x000000040000-0x000000050000 : "Factory"
[    1.780000] 0x000000050000-0x000000800000 : "firmware"
[    1.792000] 0x0000001837bc-0x000000800000 : "rootfs"
[    1.800000] mtd: partition "rootfs" must either start or end on erase block boundary or be smaller than an erase block -- forcing read-only
[    1.828000] mtd: partition "rootfs_data" created automatically, ofs=0x450000, len=0x3b0000
[    1.844000] 0x000000450000-0x000000800000 : "rootfs_data"
[    1.856000] GMAC1_MAC_ADRH -- : 0x0000146b
[    1.864000] GMAC1_MAC_ADRL -- : 0x9cee8432
[    1.872000] Ralink APSoC Ethernet Driver Initilization. v3.1  512 rx/tx descriptors allocated, mtu = 1500!
[    1.892000] GMAC1_MAC_ADRH -- : 0x0000146b
[    1.900000] GMAC1_MAC_ADRL -- : 0x9cee8432
[    1.908000] PROC INIT OK!
[    1.916000] ehci_hcd: USB 2.0 'Enhanced' Host Controller (EHCI) Driver
[    1.928000] ehci-pci: EHCI PCI platform driver
[    1.936000] ehci-platform: EHCI generic platform driver
[    1.968000] ******MT7628 mtk phy
[    1.976000] *****run project phy.
[    1.988000] FM_OUT value: u4FmOut = 0(0x00000000)
[    2.004000] FM_OUT value: u4FmOut = 120(0x00000078)
[    2.012000] FM detection done! loop = 1
[    2.028000] SR calibration value u1SrCalVal = 7
[    2.036000] *********Execute mt7628_phy_init!!
[    2.044000] ehci-platform ehci-platform: EHCI Host Controller
[    2.056000] ehci-platform ehci-platform: new USB bus registered, assigned bus number 1
[    2.072000] ehci-platform ehci-platform: irq 18, io mem 0x101c0000
[    2.096000] ehci-platform ehci-platform: USB 2.0 started, EHCI 1.00
[    2.108000] hub 1-0:1.0: USB hub found
[    2.116000] hub 1-0:1.0: 1 port detected
[    2.124000] ohci_hcd: USB 1.1 'Open' Host Controller (OHCI) Driver
[    2.156000] *********Execute mt7628_phy_init!!
[    2.164000] ohci-platform ohci-platform: Generic Platform OHCI Controller
[    2.180000] ohci-platform ohci-platform: new USB bus registered, assigned bus number 2
[    2.196000] ohci-platform ohci-platform: irq 18, io mem 0x101c1000
[    2.268000] hub 2-0:1.0: USB hub found
[    2.276000] hub 2-0:1.0: 1 port detected
[    2.284000] gre: GRE over IPv4 demultiplexor driver
[    2.292000] TCP: cubic registered
[    2.300000] NET: Registered protocol family 10
[    2.312000] NET: Registered protocol family 17
[    2.320000] 8021q: 802.1Q VLAN Support v1.8
[    2.328000] registered taskstats version 1
[    2.340000] VFS: Mounted root (squashfs filesystem) readonly on device 31:5.
[    2.356000] Freeing unused kernel memory: 216K (8035a000 - 80390000)
procd: Console is alive
[    4.528000] SCSI subsystem initialized
[    4.544000] usbcore: registered new interface driver usb-storage
procd: - preinit -
[    5.368000] 14:6B:FFFFFF9C:FFFFFFEE:FFFFFF84:32
[    5.376000] Raeth v3.1 (Tasklet,SkbRecycle)
[    5.388000] 
[    5.388000] phy_tx_ring = 0x0305c000, tx_ring = 0xa305c000
[    5.404000] 
[    5.404000] phy_rx_ring0 = 0x0305e000, rx_ring0 = 0xa305e000
[    5.432000] GMAC1_MAC_ADRH -- : 0x0000146b
[    5.440000] GMAC1_MAC_ADRL -- : 0x9cee8432
[    5.448000] RT305x_ESW: Link Status Changed
Press the [f] key and hit [enter] to enter failsafe mode
Press the [1], [2], [3] or [4] key and hit [enter] to select the debug level
[    8.448000] RT305x_ESW: Link Status Changed
[    9.232000] block: attempting to load /etc/config/fstab
[    9.320000] block: extroot: not configured
uci: Entry not found
uci: Entry not found
OPTIMIZED_FOR -> wifi
NUM_OF_CPU -> 1
wifiDomain1 -> 
wifiDomain2 -> 
CONFIG_RALINK_MT7621 -[    9.596000] ra2880stop()...> 
CONFIG_ARCH_Done
MT7623 -> 
jffs[    9.604000] Free TX/RX Ring Memory!
2 is not ready - marker found
procd: - early -
procd: - ubus -
procd: - init -
Please press Enter to activate this console.
[   11.624000] NTFS driver 2.1.30 [Flags: R/O MODULE].
[   11.648000] nf_conntrack version 0.5.0 (957 buckets, 3828 max)
[   11.660000] ip6_tables: (C) 2000-2006 Netfilter Core Team
[   11.684000] ip_tables: (C) 2000-2006 Netfilter Core Team
[   11.696000] Type=Linux
[   11.720000] Ralink APSoC Hardware Watchdog Timer
[   11.728000] rdm_major = 253
[   11.752000] xt_time: kernel timezone is -0000
[   11.768000] PPP generic driver version 2.4.2
[   11.780000] NET: Registered protocol family 24
[   17.448000] 14:6B:FFFFFF9C:FFFFFFEE:FFFFFF84:32
[   17.456000] Raeth v3.1 (Tasklet,SkbRecycle)
[   17.468000] 
[   17.468000] phy_tx_ring = 0x03218000, tx_ring = 0xa3218000
[   17.480000] 
[   17.480000] phy_rx_ring0 = 0x0321a000, rx_ring0 = 0xa321a000
[   17.512000] GMAC1_MAC_ADRH -- : 0x0000146b
[   17.520000] GMAC1_MAC_ADRL -- : 0x9cee8432
[   17.528000] RT305x_ESW: Link Status Changed
[   17.556000] device eth0.1 entered promiscuous mode
[   17.564000] device eth0 entered promiscuous mode
[   17.632000] br-lan: port 1(eth0.1) entered forwarding state
[   17.640000] br-lan: port 1(eth0.1) entered forwarding state
[   19.644000] br-lan: port 1(eth0.1) entered forwarding state
[   19.716000] jffs2_scan_eraseblock(): End of filesystem marker found at 0x0
[   19.740000] jffs2_build_filesystem(): unlocking the mtd device... done.
[   19.752000] jffs2_build_filesystem(): erasing all blocks after the end marker... RT305x_ESW: Link Status Changed
[   20.692000] register rt2860
[   20.708000] 
[   20.708000] 
[   20.708000] === pAd = c0781000, size = 2093680 ===
[   20.708000] 
[   20.728000] <-- RTMPAllocTxRxRingMemory, Status=0
[   20.736000] <-- RTMPAllocAdapterBlock, Status=0
[   20.748000] pAd->CSRBaseAddress =0xc0680000, csr_addr=0xc0680000!
[   20.760000] device_id =0x7662
[   20.764000] ==>rlt_wlan_chip_onoff(): OnOff:1, Reset= 1, pAd->WlanFunCtrl:0x0, Reg-WlanFunCtrl=0x20a
[   20.788000] E2pAccessMode=2
[   20.792000] cfg_mode=14
[   20.800000] cfg_mode=14
[   20.804000] wmode_band_equal(): Band Not Equal!
[   20.816000] APSDCapable[0]=0
[   20.824000] APSDCapable[1]=0
[   20.828000] APSDCapable[2]=0
[   20.836000] APSDCapable[3]=0
[   20.840000] APSDCapable[4]=0
[   20.844000] APSDCapable[5]=0
[   20.852000] APSDCapable[6]=0
[   20.856000] APSDCapable[7]=0
[   20.864000] APSDCapable[8]=0
[   20.868000] APSDCapable[9]=0
[   20.876000] APSDCapable[10]=0
[   20.880000] APSDCapable[11]=0
[   20.888000] APSDCapable[12]=0
[   20.892000] APSDCapable[13]=0
[   20.900000] APSDCapable[14]=0
[   20.904000] APSDCapable[15]=0
[   20.912000] default ApCliAPSDCapable[0]=0
[   21.120000] Key1Str is Invalid key length(0) or Type(0)
[   21.132000] Key2Str is Invalid key length(0) or Type(0)
[   21.140000] Key3Str is Invalid key length(0) or Type(0)
[   21.152000] Key4Str is Invalid key length(0) or Type(0)
[   21.200000] RtmpChipOpsEepromHook::e2p_type=2, inf_Type=5
[   21.212000] NVM is FLASH mode (pAd->flash_offset = 0x48000)
[   21.224000] get_dev_name_prefix(): dev_idx = 1, dev_name_prefix=rai
[   21.296000] build time = 
[   21.304000] 20141115060606a
[   21.308000] rom patch for E3 IC
[   21.316000] 
[   21.316000] platform = 
[   21.324000] ALPS
[   21.328000] hw/sw version = 
[   21.332000] 

                [   21.336000] patch version = 
[   21.340000] 
[   21.356000] FW Version:0.0.00 Build:1
[   21.364000] Build Time:201411280941____
[   21.372000] fw for E3 IC
[   21.476000] RX[0] DESC a2622000 size = 4096
[   21.492000] RX[1] DESC a2623000 size = 4096
[   21.524000] E2pAccessMode=2
[   21.528000] cfg_mode=14
[   21.536000] cfg_mode=14
[   21.540000] wmode_band_equal(): Band Not Equal!
[   21.552000] APSDCapable[0]=0
[   21.560000] APSDCapable[1]=0
[   21.564000] APSDCapable[2]=0
[   21.568000] APSDCapable[3]=0
[   21.576000] APSDCapable[4]=0
[   21.580000] APSDCapable[5]=0
[   21.588000] APSDCapable[6]=0
[   21.592000] APSDCapable[7]=0
[   21.600000] APSDCapable[8]=0
[   21.604000] APSDCapable[9]=0
[   21.612000] APSDCapable[10]=0
[   21.616000] APSDCapable[11]=0
[   21.620000] APSDCapable[12]=0
[   21.628000] APSDCapable[13]=0
[   21.632000] APSDCapable[14]=0
[   21.640000] APSDCapable[15]=0
[   21.644000] default ApCliAPSDCapable[0]=0
[   21.856000] Key1Str is Invalid key length(0) or Type(0)
[   21.864000] Key2Str is Invalid key length(0) or Type(0)
[   21.876000] Key3Str is Invalid key length(0) or Type(0)
[   21.888000] Key4Str is Invalid key length(0) or Type(0)
[   21.936000] 1. Phy Mode = 49
[   21.940000] get_chl_grp:illegal channel (167)
[   21.948000] get_chl_grp:illegal channel (167)
[   21.960000] get_chl_grp:illegal channel (169)
[   21.968000] get_chl_grp:illegal channel (169)
[   21.976000] get_chl_grp:illegal channel (171)
[   21.984000] get_chl_grp:illegal channel (171)
[   21.992000] /home/duke/share/MTK7688/mtk-sdk-2015/openwrt-sdk/build_dir/target-mipsel_24kec+dsp_uClibc-0.9.33.2/linux-ramips_mt7628/mt76x2e-3.0.4.0/rlt_wifi_ap/../rlt_wifi/chips/mt76x2.c:2840 assert (ad->TxPower[choffset].Channel == 42)failed
[   22.036000] Country Region from e2p = ffff
[   22.044000] mt76x2_read_temp_info_from_eeprom:: is_temp_tx_alc=0, temp_tx_alc_enable=0
[   22.060000] mt76x2_read_tx_alc_info_from_eeprom:: is_ePA_mode=0, ePA_type=3
[   22.076000] mt76x2_read_tx_alc_info_from_eeprom:: [5G band] high_temp_slope=0, low_temp_slope=0
[   22.092000] mt76x2_read_tx_alc_info_from_eeprom:: [2G band] high_temp_slope=0, low_temp_slope=0
[   22.108000] mt76x2_read_tx_alc_info_from_eeprom:: [5G band] tc_lower_bound=0, tc_upper_bound=0
[   22.128000] mt76x2_read_tx_alc_info_from_eeprom:: [2G band] tc_lower_bound=0, tc_upper_bound=0
[   22.144000] mt76x2_get_external_lna_gain::LNA type=0x11, BLNAGain=0x0, ALNAGain0=0x0, ALNAGain1=0x0, ALNAGain2=0x0
[   22.164000] 2. Phy Mode = 49
[   22.168000] 3. Phy Mode = 49
[   22.176000] andes_pci_fw_init
[   22.180000] 0x1300 = 00073200
[   22.192000] AntCfgInit: primary/secondary ant 0/1
[   22.204000] andes_load_cr:cr_type(2)
[   22.208000] ChipStructAssign(): MT76x2 hook !
[   22.220000] RTMPSetPhyMode: channel is out of range, use first channel=36 
[   22.232000] MCS Set = ff ff 00 00 01
[   22.300000] TX0 power compensation = 0x38
[   22.308000] TX1 power compensation = 0x38
[   28.124000] mt76x2_bbp_adjust():rf_bw=1, ext_ch=1, PrimCh=44, HT-CentCh=46, VHT-CentCh=44
[   28.156000] APStartUp(): AP Set CentralFreq at 46(Prim=44, HT-CentCh=46, VHT-CentCh=44, BBP_BW=1)
[   28.180000] mt76x2_calibration(channel = 46)
[   28.552000] Main bssid = 14:6b:9c:ee:84:34
[   28.560000] mt76x2_reinit_agc_gain:original agc_vga0 = 0x5c, agc_vga1 = 0x5c
[   28.576000] mt76x2_reinit_agc_gain:updated agc_vga0 = 0x5c, agc_vga1 = 0x5c
[   28.588000] mt76x2_reinit_hi_lna_gain:original hi_lna0 = 0x28, hi_lna1 = 0x28
[   28.604000] mt76x2_reinit_hi_lna_gain:updated hi_lna0 = 0x28, hi_lna1 = 0x28
[   28.620000] original vga value(chain0) = 5c
[   28.628000] original vga value(chain1) = 5c
[   28.636000] <==== rt28xx_init, Status=0
[   28.644000] get_dev_name_prefix(): dev_idx = 1, dev_name_prefix=apclii
[   28.668000] RTMPDrvOpen(1):Check if PDMA is idle!
[   28.676000] RTMPDrvOpen(2):Check if PDMA is idle!
[   29.388000] device rai0 entered promiscuous mode
[   29.400000] br-lan: port 2(rai0) entered forwarding state
[   29.408000] br-lan: port 2(rai0) entered forwarding state
[   31.412000] br-lan: port 2(rai0) entered forwarding state
[   38.880000] done.
[   38.880000] jffs2: notice: (1080) jffs2_build_xattr_subsystem: complete building xattr subsystem, 0 of xdatum (0 unchecked, 0 orphan) and 0 of xref (0 dead, 0 orphan) found.
[   40.688000] 
[   40.688000] 
[   40.688000] === pAd = c0d36000, size = 728472 ===
[   40.688000] 
[   40.704000] <-- RTMPAllocTxRxRingMemory, Status=0, ErrorValue=0x
[   40.720000] <-- RTMPAllocAdapterBlock, Status=0
[   40.728000] RtmpChipOpsHook(492): Not support for HIF_MT yet!
[   40.740000] mt7628_init()-->
[   40.744000] mt7628_init(FW(8a00), HW(8a01), CHIPID(7628))
[   40.756000] e2.bin mt7628_init(1117)::(2), pChipCap->fw_len(63056)
[   40.768000] mt_bcn_buf_init(218): Not support for HIF_MT yet!
[   40.780000] <--mt7628_init()
[   40.924000] TX_BCN DESC a2209000 size = 320
[   40.932000] RX[0] DESC a220b000 size = 2048
[   40.944000] RX[1] DESC a220c000 size = 1024
[   41.020000] E2pAccessMode=1
[   41.024000] cfg_mode=9
[   41.032000] cfg_mode=9
[   41.036000] wmode_band_equal(): Band Equal!
[   41.048000] APSDCapable[0]=1
[   41.052000] APSDCapable[1]=1
[   41.060000] APSDCapable[2]=1
[   41.064000] APSDCapable[3]=1
[   41.072000] APSDCapable[4]=1
[   41.076000] APSDCapable[5]=1
[   41.084000] APSDCapable[6]=1
[   41.088000] APSDCapable[7]=1
[   41.092000] APSDCapable[8]=1
[   41.100000] APSDCapable[9]=1
[   41.104000] APSDCapable[10]=1
[   41.112000] APSDCapable[11]=1
[   41.116000] APSDCapable[12]=1
[   41.124000] APSDCapable[13]=1
[   41.128000] APSDCapable[14]=1
[   41.136000] APSDCapable[15]=1
[   41.340000] Key1Str is Invalid key length(0) or Type(0)
[   41.352000] Key2Str is Invalid key length(0) or Type(0)
[   41.364000] Key3Str is Invalid key length(0) or Type(0)
[   41.376000] Key4Str is Invalid key length(0) or Type(0)
[   41.432000] RTMPSetDefaultChannel() : default channel to 1 
[   41.444000] load fw image from fw_header_image
[   41.452000] AndesMTLoadFwMethod1(2174)::pChipCap->fw_len(63056)
[   41.464000] FW Version:_e2_mp
[   41.472000] FW Build Date:20150211175503
[   41.480000] CmdAddressLenReq:(ret = 0)
[   41.488000] CmdFwStartReq: override = 1, address = 1048576
[   41.496000] CmdStartDLRsp: WiFI FW Download Success
[   41.580000] MtAsicDMASchedulerInit(): DMA Scheduler Mode=0(LMAC)
[   41.592000] efuse_probe: efuse = 10000002
[   41.600000] RtmpChipOpsEepromHook::e2p_type=1, inf_Type=4
[   41.608000] RtmpEepromGetDefault::e2p_dafault=2
[   41.616000] RtmpChipOpsEepromHook: E2P type(2), E2pAccessMode = 1, E2P default = 2
[   41.632000] NVM is FLASH mode
[   41.640000] 1. Phy Mode = 14
procd: - init complete -
[   41.808000] Country Region from e2p = ffff
[   41.824000] tssi_1_target_pwr_g_band = 34
[   41.832000] 2. Phy Mode = 14
[   41.836000] 3. Phy Mode = 14
[   41.840000] NICInitPwrPinCfg(11): Not support for HIF_MT yet!
[   41.852000] NICInitializeAsic(651): Not support rtmp_mac_sys_reset () for HIF_MT yet!
[   41.868000] mt_mac_init()-->
[   41.876000] MtAsicInitMac()-->
[   41.936000] mt7628_init_mac_cr()-->
[   41.940000] MtAsicSetMacMaxLen(1241): Set the Max RxPktLen=1024!
[   41.952000] <--mt_mac_init()
[   41.960000]  WTBL Segment 1 info:
[   41.964000]          MemBaseAddr/FID:0x28000/0
[   41.972000]          EntrySize/Cnt:32/128
[   41.980000]  WTBL Segment 2 info:
[   41.988000]          MemBaseAddr/FID:0x40000/0
[   41.996000]          EntrySize/Cnt:64/128
[   42.000000]  WTBL Segment 3 info:
[   42.008000]          MemBaseAddr/FID:0x42000/64
[   42.016000]          EntrySize/Cnt:64/128
[   42.024000]  WTBL Segment 4 info:
[   42.028000]          MemBaseAddr/FID:0x44000/128
[   42.036000]          EntrySize/Cnt:32/128
[   42.044000] AntCfgInit(2876): Not support for HIF_MT yet!
[   42.176000] MCS Set = ff ff 00 00 01
[   42.180000] MtAsicSetChBusyStat(826): Not support for HIF_MT yet!
[   42.416000] CmdSlotTimeSet:(ret = 0)
[   44.852000] [PMF]ap_pmf_init:: apidx=0, MFPC=0, MFPR=0, SHA256=0
[   44.864000] [PMF]RTMPMakeRsnIeCap: RSNIE Capability MFPC=0, MFPR=0
[   44.900000] MtAsicSetRalinkBurstMode(2919): Not support for HIF_MT yet!
[   44.912000] MtAsicSetPiggyBack(763): Not support for HIF_MT yet!
[   44.980000] MtAsicSetTxPreamble(2898): Not support for HIF_MT yet!
[   44.996000] MtAsicAddSharedKeyEntry(1308): Not support for HIF_MT yet!
[   45.008000] MtAsicSetPreTbtt(): bss_idx=0, PreTBTT timeout = 0xf0
[   45.020000] Main bssid = 14:6b:9c:ee:84:32
[   45.028000] <==== rt28xx_init, Status=0
[   45.036000] mt7628_set_ed_cca: TURN OFF EDCCA  mac 0x10618 = 0xd7083f0f
[   45.048000] WiFi Startup Cost (ra0): 4.124s
[   45.796000] device ra0 entered promiscuous mode
[   45.804000] br-lan: port 3(ra0) entered forwarding state
[   45.816000] br-lan: port 3(ra0) entered forwarding state
[   47.820000] br-lan: port 3(ra0) entered forwarding state
[   49.240000] RT305x_ESW: Link Status Changed
[   50.836000] RT305x_ESW: Link Status Changed



BusyBox v1.22.1 (2018-12-11 12:54:37 AWST) built-in shell (ash)
Enter 'help' for a list of built-in commands.

  _______                     ________        __
 |       |.-----.-----.-----.|  |  |  |.----.|  |_
 |   -   ||  _  |  -__|     ||  |  |  ||   _||   _|
 |_______||   __|_____|__|__||________||__|  |____|
          |__| W I R E L E S S   F R E E D O M
 -----------------------------------------------------
 BARRIER BREAKER (Barrier Breaker, unknown)
 -----------------------------------------------------
  * 1/2 oz Galliano         Pour all ingredients into
  * 4 oz cold Coffee        an irish coffee mug filled
  * 1 1/2 oz Dark Rum       with crushed ice. Stir.
  * 2 tsp. Creme de Cacao
 -----------------------------------------------------
root@OpenWrt:/# ifconfig 
br-lan    Link encap:Ethernet  HWaddr 14:6B:9C:EE:84:32  
          inet addr:192.168.88.254  Bcast:192.168.88.255  Mask:255.255.255.0
          inet6 addr: fe80::166b:9cff:feee:8432/64 Scope:Link
          inet6 addr: fd6b:d327:2c05::1/60 Scope:Global
          UP BROADCAST RUNNING MULTICAST  MTU:1500  Metric:1
          RX packets:99 errors:0 dropped:0 overruns:0 frame:0
          TX packets:15 errors:0 dropped:0 overruns:0 carrier:0
          collisions:0 txqueuelen:0 
          RX bytes:10818 (10.5 KiB)  TX bytes:1810 (1.7 KiB)

eth0      Link encap:Ethernet  HWaddr 14:6B:9C:EE:84:32  
          inet6 addr: fe80::166b:9cff:feee:8432/64 Scope:Link
          UP BROADCAST RUNNING MULTICAST  MTU:1500  Metric:1
          RX packets:129 errors:0 dropped:0 overruns:0 frame:0
          TX packets:55 errors:0 dropped:0 overruns:0 carrier:0
          collisions:0 txqueuelen:1000 
          RX bytes:21134 (20.6 KiB)  TX bytes:14143 (13.8 KiB)
          Interrupt:3 

eth0.1    Link encap:Ethernet  HWaddr 14:6B:9C:EE:84:32  
          UP BROADCAST RUNNING MULTICAST  MTU:1500  Metric:1
          RX packets:127 errors:0 dropped:0 overruns:0 frame:0
          TX packets:12 errors:0 dropped:0 overruns:0 carrier:0
          collisions:0 txqueuelen:0 
          RX bytes:18720 (18.2 KiB)  TX bytes:1472 (1.4 KiB)

eth0.2    Link encap:Ethernet  HWaddr 14:6B:9C:EE:84:32  
          inet6 addr: fe80::166b:9cff:feee:8432/64 Scope:Link
          UP BROADCAST RUNNING MULTICAST  MTU:1500  Metric:1
          RX packets:0 errors:0 dropped:0 overruns:0 frame:0
          TX packets:34 errors:0 dropped:0 overruns:0 carrier:0
          collisions:0 txqueuelen:0 
          RX bytes:0 (0.0 B)  TX bytes:10668 (10.4 KiB)

lo        Link encap:Local Loopback  
          inet addr:127.0.0.1  Mask:255.0.0.0
          inet6 addr: ::1/128 Scope:Host
          UP LOOPBACK RUNNING  MTU:65536  Metric:1
          RX packets:578 errors:0 dropped:0 overruns:0 frame:0
          TX packets:578 errors:0 dropped:0 overruns:0 carrier:0
          collisions:0 txqueuelen:0 
          RX bytes:39264 (38.3 KiB)  TX bytes:39264 (38.3 KiB)

ra0       Link encap:Ethernet  HWaddr 14:6B:9C:EE:84:32  
          inet6 addr: fe80::166b:9cff:feee:8432/64 Scope:Link
          UP BROADCAST RUNNING MULTICAST  MTU:1500  Metric:1
          RX packets:0 errors:0 dropped:0 overruns:0 frame:0
          TX packets:0 errors:0 dropped:0 overruns:0 carrier:0
          collisions:0 txqueuelen:1000 
          RX bytes:0 (0.0 B)  TX bytes:0 (0.0 B)
          Interrupt:4 

rai0      Link encap:Ethernet  HWaddr 14:6B:9C:EE:84:34  
          inet6 addr: fe80::166b:9cff:feee:8434/64 Scope:Link
          UP BROADCAST RUNNING MULTICAST  MTU:1500  Metric:1
          RX packets:0 errors:0 dropped:0 overruns:0 frame:0
          TX packets:0 errors:0 dropped:0 overruns:0 carrier:0
          collisions:0 txqueuelen:1000 
          RX bytes:0 (0.0 B)  TX bytes:0 (0.0 B)
          Interrupt:2 

root@OpenWrt:/# 
```