---
layout: post
title: QCA9563启动log
description: QCA9563启动log
category: QCA
---

```
U-Boot 1.1.4-g00d5ec12-dirty (Nov  6 2017 - 23:02:20)

ap152 - Dragonfly 1.0DRAM:  
sri
ath_ddr_initial_config(278): (ddr2 init)
ath_sys_frequency: cpu 775 ddr 650 ahb 258
Tap values = (0xd, 0xd, 0xd, 0xd)
128 MB
Top of RAM usable for U-Boot at: 88000000
Reserving 202k for U-Boot at: 87fcc000
Reserving 192k for malloc() at: 87f9c000
Reserving 44 Bytes for Board Info at: 87f9bfd4
Reserving 36 Bytes for Global Data at: 87f9bfb0
Reserving 128k for boot params() at: 87f7bfb0
Stack Pointer at: 87f7bf98
Now running in RAM - U-Boot at: 87fcc000
Flash Manuf Id 0xef, DeviceId0 0x40, DeviceId1 0x18
flash size 16MB, sector count = 256
Flash: 16 MB
Power up PLL with outdiv = 0 then switch to 3
In:    serial
Out:   serial
Err:   serial
Net:   ath_gmac_enet_initialize...
Fetching MAC Address from 0x87fed84c
ath_gmac_enet_initialize: reset mask:c02200 
athr_mgmt_init ::done
Dragonfly  ----> S17 PHY *
athrs17_reg_init: complete
SGMII in forced mode
athr_gmac_sgmii_setup SGMII done
: cfg1 0x80000000 cfg2 0x7114
eth0: 00:bb:bb:cc:d0:56
eth0 up
eth0
Setting 0x181162c0 to 0x50a02100
hw_wdt_init
Hit any key to stop autoboot:  0 
ath> print
bootargs=console=ttyS0,115200 root=31:02 rootfstype=jffs2 init=/sbin/init mtdparts=ath-nor0:256k(u-boot),64k(u-boot-env),13952k(rootfs),1408k(uImage),64k(config.bin),512k(reserved),64k(ART)
bootcmd=bootm 0x9fDF0000
bootdelay=2
baudrate=115200
ethaddr=0x00:0xaa:0xbb:0xcc:0xdd:0xee
dir=
lu=tftp 0x80060000 ${dir}u-boot.bin&&erase 0x9f000000 +$filesize&&cp.b $fileaddr 0x9f000000 $filesize
lf=tftp 0x80060000 ${dir}ap152${bc}-jffs2&&erase 0x9f050000 +0xDA0000&&cp.b $fileaddr 0x9f050000 $filesize
lk=tftp 0x80060000 ${dir}vmlinux${bc}.lzma.uImage&&erase 0x9fDF0000 +$filesize&&cp.b $fileaddr 0x9fDF0000 $filesize
li=tftp 0x80060000 ${dir}ap.img&&erase 0x9f050000 +$filesize&&cp.b $fileaddr 0x9f050000 $filesize
lc=tftp 0x80060000 ${dir}config.bin&&erase 0x9fF60000 +$filesize&&cp.b $fileaddr 0x9fF60000 $filesize
ethact=eth0
serverip=192.168.0.36
ipaddr=192.168.0.35
stdin=serial
stdout=serial
stderr=serial

Environment size: 906/65532 bytes
ath> re

U-Boot 1.1.4-g00d5ec12-dirty (Nov  6 2017 - 23:02:20)

ap152 - Dragonfly 1.0DRAM:  
sri
ath_ddr_initial_config(278): (ddr2 init)
ath_sys_frequency: cpu 775 ddr 650 ahb 258
Tap values = (0xd, 0xd, 0xd, 0xd)
128 MB
Top of RAM usable for U-Boot at: 88000000
Reserving 202k for U-Boot at: 87fcc000
Reserving 192k for malloc() at: 87f9c000
Reserving 44 Bytes for Board Info at: 87f9bfd4
Reserving 36 Bytes for Global Data at: 87f9bfb0
Reserving 128k for boot params() at: 87f7bfb0
Stack Pointer at: 87f7bf98
Now running in RAM - U-Boot at: 87fcc000
Flash Manuf Id 0xef, DeviceId0 0x40, DeviceId1 0x18
flash size 16MB, sector count = 256
Flash: 16 MB
Power up PLL with outdiv = 0 then switch to 3
In:    serial
Out:   serial
Err:   serial
Net:   ath_gmac_enet_initialize...
Fetching MAC Address from 0x87fed84c
ath_gmac_enet_initialize: reset mask:c02200 
athr_mgmt_init ::done
Dragonfly  ----> S17 PHY *
athrs17_reg_init: complete
SGMII in forced mode
athr_gmac_sgmii_setup SGMII done
: cfg1 0x80000000 cfg2 0x7114
eth0: 00:bb:bb:cc:d0:56
eth0 up
eth0
Setting 0x181162c0 to 0x50a02100
hw_wdt_init
Hit any key to stop autoboot:  0 
## Booting image at 9fdf0000 ...
   Image Name:   MIPS OpenWrt Linux-3.3.8
   Created:      2018-05-03  12:39:43 UTC
   Image Type:   MIPS Linux Multi-File Image (lzma compressed)
   Data Size:    1123859 Bytes =  1.1 MB
   Load Address: 80060000
   Entry Point:  80060000
   Contents:
   Image 0:  1123851 Bytes =  1.1 MB
   Verifying Checksum at 0x9fdf0040 ...OK
   Uncompressing Multi-File Image ... OK
No initrd
## Transferring control to Linux (at address 80060000) ...
## Giving linux memsize in bytes, 134217728

Starting kernel ...

[    0.000000] Linux version 3.3.8 (gaodongsheng@localhost.localdomain) (gcc version 4.6.3 20120201 (prerelease) (Linaro GCC 4.6-2012.02) ) #14 Wed Apr 25 17:09:14 CST 2018
[    0.000000] bootconsole [early0] enabled
[    0.000000] CPU revision is: 00019750 (MIPS 74Kc)
[    0.000000] SoC: Qualcomm Atheros QCA956X rev 0
[    0.000000] Clocks: CPU:775.000MHz, DDR:650.000MHz, AHB:258.333MHz, Ref:25.000MHz
[    0.000000] Determined physical RAM map:
[    0.000000]  memory: 08000000 @ 00000000 (usable)
[    0.000000] Initrd not found or empty - disabling initrd
[    0.000000] Zone PFN ranges:
[    0.000000]   Normal   0x00000000 -> 0x00008000
[    0.000000] Movable zone start PFN for each node
[    0.000000] Early memory PFN ranges
[    0.000000]     0: 0x00000000 -> 0x00008000
[    0.000000] Built 1 zonelists in Zone order, mobility grouping on.  Total pages: 32512
[    0.000000] Kernel command line:  board=AP152 console=ttyS0,115200 mtdparts=spi0.0:256k(u-boot)ro,64k(u-boot-env),13952k(rootfs),1472k(kernel),64k(config.bin),512k(reserved),64k(art),16000k@0x50000(firmware) rootfstype=squashfs,jffs2 noinitrd crashkernel=10M@20M oops=panic
[    0.000000] PID hash table entries: 512 (order: -1, 2048 bytes)
[    0.000000] Dentry cache hash table entries: 16384 (order: 4, 65536 bytes)
[    0.000000] Inode-cache hash table entries: 8192 (order: 3, 32768 bytes)
[    0.000000] Primary instruction cache 64kB, VIPT, 4-way, linesize 32 bytes.
[    0.000000] Primary data cache 32kB, 4-way, VIPT, cache aliases, linesize 32 bytes
[    0.000000] Writing ErrCtl register=00000000
[    0.000000] Readback ErrCtl register=00000000
[    0.000000] Memory: 126052k/131072k available (2371k kernel code, 5020k reserved, 652k data, 228k init, 0k highmem)
[    0.000000] SLUB: Genslabs=9, HWalign=32, Order=0-3, MinObjects=0, CPUs=1, Nodes=1
[    0.000000] NR_IRQS:83
[    0.000000] Calibrating delay loop... 385.84 BogoMIPS (lpj=1929216)
[    0.060000] pid_max: default: 32768 minimum: 301
[    0.060000] Mount-cache hash table entries: 512
[    0.060000] Performance counters: mips/74K PMU enabled, 4 32-bit counters available to each CPU, irq 13
[    0.070000] NET: Registered protocol family 16
[    0.080000] gpiochip_add: registered GPIOs 0 to 22 on device: ath79
[    0.080000] MIPS: machine is Qualcomm Atheros AP152 reference board
[    0.090000] 
[    0.090000] WLAN firmware dump buffer allocation of 2097152 bytes @ address 0x87a00000- SUCCESS !!!
[    0.100000] registering PCI controller with io_map_base unset
[    0.310000] bio: create slab <bio-0> at 0
[    0.310000] PCI host bridge to bus 0000:00
[    0.320000] pci_bus 0000:00: root bus resource [mem 0x12000000-0x13ffffff]
[    0.320000] pci_bus 0000:00: root bus resource [io  0x0001]
[    0.330000] pci 0000:00:00.0: BAR 0: assigned [mem 0x12000000-0x121fffff 64bit]
[    0.330000] pci 0000:00:00.0: using irq 40 for pin 1
[    0.340000] Switching to clocksource MIPS
[    0.340000] NET: Registered protocol family 2
[    0.350000] IP route cache hash table entries: 1024 (order: 0, 4096 bytes)
[    0.350000] TCP established hash table entries: 4096 (order: 3, 32768 bytes)
[    0.360000] TCP bind hash table entries: 4096 (order: 2, 16384 bytes)
[    0.360000] TCP: Hash tables configured (established 4096 bind 4096)
[    0.370000] TCP reno registered
[    0.370000] UDP hash table entries: 256 (order: 0, 4096 bytes)
[    0.380000] UDP-Lite hash table entries: 256 (order: 0, 4096 bytes)
[    0.380000] NET: Registered protocol family 1
[    0.400000] squashfs: version 4.0 (2009/01/31) Phillip Lougher
[    0.400000] JFFS2 version 2.2 (NAND) (SUMMARY) (LZMA) (RTIME) (CMODE_PRIORITY) (c) 2001-2006 Red Hat, Inc.
[    0.410000] msgmni has been set to 246
[    0.420000] io scheduler noop registered
[    0.420000] io scheduler deadline registered (default)
[    0.430000] Serial: 8250/16550 driver, 1 ports, IRQ sharing disabled
[    0.450000] serial8250.0: ttyS0 at MMIO 0x18020000 (irq = 11) is a 16550A
[    0.460000] console [ttyS0] enabled, bootconsole disabled
[    0.460000] console [ttyS0] enabled, bootconsole disabled
[    0.470000] m25p80 spi0.0: found w25q128, expected m25p80
[    0.480000] m25p80 spi0.0: w25q128 (16384 Kbytes)
[    0.480000] 8 cmdlinepart partitions found on MTD device spi0.0
[    0.490000] Creating 8 MTD partitions on "spi0.0":
[    0.500000] 0x000000000000-0x000000040000 : "u-boot"
[    0.500000] 0x000000040000-0x000000050000 : "u-boot-env"
[    0.510000] 0x000000050000-0x000000df0000 : "rootfs"
[    0.510000] mtd: partition "rootfs" set to be root filesystem
[    0.520000] mtd: partition "rootfs_data" created automatically, ofs=B80000, len=270000 
[    0.530000] 0x000000b80000-0x000000df0000 : "rootfs_data"
[    0.540000] 0x000000df0000-0x000000f60000 : "kernel"
[    0.540000] 0x000000f60000-0x000000f70000 : "config.bin"
[    0.550000] 0x000000f70000-0x000000ff0000 : "reserved"
[    0.560000] 0x000000ff0000-0x000001000000 : "art"
[    0.560000] 0x000000050000-0x000000ff0000 : "firmware"
[    0.710000] ag71xx_mdio: probed
[    0.710000] eth0: Atheros AG71xx at 0xb9000000, irq 4
[    1.290000] eth0: Atheros AR8327 switch driver attached.
[    4.220000] ag71xx ag71xx.0: eth0: connected to PHY at ag71xx-mdio.0:00 [uid=004dd036, driver=Atheros AR8216/AR8236/AR8316]
[    4.230000] Netfilter messages via NETLINK v0.30.
[    4.240000] nfnl_acct: registering with nfnetlink.
[    4.240000] TCP cubic registered
[    4.240000] NET: Registered protocol family 17
[    4.250000] Bridge firewalling registered
[    4.250000] Ebtables v2.0 registered
[    4.260000] 8021q: 802.1Q VLAN Support v1.8
[    4.260000] ebi ksyslog init successed
[    4.270000] ### of_selftest(): No testcase data in device tree; not running tests
[    4.280000] VFS: Mounted root (squashfs filesystem) readonly on device 31:2.
[    4.290000] Freeing unused kernel memory: 228k freed
- preinit -
Press the [f] key and hit [enter] to enter failsafe mode
[    7.250000] eth0: link up (1000Mbps/Full duplex)
[    8.250000] eth0: link up (1000Mbps/Full duplex)
```